// Jest Snapshot v1, https://goo.gl/fbAQLP

exports[`function1 1`] = `
"function function1<T>(
): void {
}
"
`;

exports[`function2 1`] = `
"export async function function2<T, V>(
): Promise<string> {
}
"
`;

exports[`function3 1`] = `
"export async function function3(
  var1: string,
  var2: object = {},
): Promise<string[]> {
  /* BESPOKE START <<fn3>> */
  /* BESPOKE END <<fn3>> */
}
"
`;
