// Jest Snapshot v1, https://goo.gl/fbAQLP

exports[`basicModule 1`] = `
"/**
 * DO NOT MANUALLY EDIT; this file is fully generated.
 *
 * SOURCE<<src/__tests__/module.test.ts::basicModule>>
 * SIGNED<<fNltSHlXsT6mEyMB/A72TS7OWFFZAOf2oPHFhADksuZb5aWjUzNZg02YbXu8WitawRZfor1yIc9YzJbIanNnog==>>
 */

export const exportedVariable: string;
const immutableVariable: string | undefined = \\"TEST\\";
let immutableVariable: number | null | undefined = 1;
"
`;

exports[`emptyModule 1`] = `
"/**
 * DO NOT MANUALLY EDIT; this file is fully generated.
 *
 * SOURCE<<src/__tests__/module.test.ts::emptyModule>>
 * SIGNED<<AWuoxM/eZa+Zy1+ouKN+Lrc/SBs640mRZm3y4E/rbAOGZuvR7CtvYjlndWAzxwLd5fQj99R6tu0YJ/9TeDcx9w==>>
 */

"
`;
