// Jest Snapshot v1, https://goo.gl/fbAQLP

exports[`propertyInstance1 1`] = `
"public propertyInstance1: string = \\"MYVAR\\";
"
`;

exports[`propertyInstance2 1`] = `
"protected readonly propertyInstance2: number;
"
`;

exports[`propertyInstance3 1`] = `
"private propertyInstance3: string | null;
"
`;

exports[`propertyStatic1 1`] = `
"public static propertyStatic1: string = \\"MYVAR\\";
"
`;

exports[`propertyStatic2 1`] = `
"protected readonly static propertyStatic2: number;
"
`;

exports[`propertyStatic3 1`] = `
"private static propertyStatic3: string | null;
"
`;
